[html.themedemo.co/wedding/index.html]
[html.themedemo.co/wedding/css/bootstrap.min.css]
[html.themedemo.co/wedding/css/jquery.classycountdown.min.css]
[html.themedemo.co/wedding/css/magnific-popup.css]
[html.themedemo.co/wedding/css/hover-min.css]
[html.themedemo.co/wedding/css/style.css]
[backblue.gif]
[fade.gif]
[index.html]
[html.themedemo.co/wedding/img/decorations/decoration-1.png]
[html.themedemo.co/wedding/img/decorations/decoration-2.png]
[html.themedemo.co/wedding/index-2.html]
[html.themedemo.co/wedding/about-he.html]
[html.themedemo.co/wedding/about-she.html]
[html.themedemo.co/wedding/the-story.html]
[html.themedemo.co/wedding/location.html]
[html.themedemo.co/wedding/accommodation.html]
[html.themedemo.co/wedding/our-blog.html]
[html.themedemo.co/wedding/our-gallery.html]
[html.themedemo.co/wedding/gallery-3.html]
[html.themedemo.co/wedding/gallery-4.html]
[html.themedemo.co/wedding/gallery-5.html]
[html.themedemo.co/wedding/gift.html]
[html.themedemo.co/wedding/rsvp.html]
[html.themedemo.co/wedding/img/about-he.jpg]
[html.themedemo.co/wedding/img/about-she.jpg]
[html.themedemo.co/wedding/img/bg/video.jpg]
[html.themedemo.co/wedding/img/video-tmb.jpg]
[html.themedemo.co/wedding/img/gallery/img-2.jpg]
[html.themedemo.co/wedding/img/gallery/img-4.jpg]
[html.themedemo.co/wedding/img/gallery/img-6.jpg]
[html.themedemo.co/wedding/img/gallery/img-1.jpg]
[html.themedemo.co/wedding/img/gallery/img-9.jpg]
[html.themedemo.co/wedding/img/place-1.jpg]
[html.themedemo.co/wedding/img/friends/male-1.png]
[html.themedemo.co/wedding/img/friends/male-3.png]
[html.themedemo.co/wedding/img/friends/female-3.png]
[html.themedemo.co/wedding/img/logos/logo-1.png]
[html.themedemo.co/wedding/img/logos/logo-2.png]
[html.themedemo.co/wedding/img/logos/logo-3.png]
[html.themedemo.co/wedding/img/logos/logo-4.png]
[html.themedemo.co/wedding/img/logos/logo-5.png]
[html.themedemo.co/wedding/img/logos/logo-6.png]
[html.themedemo.co/wedding/img/bg/rsvp.jpg]
[html.themedemo.co/wedding/img/decorations/form-decoration.png]
[html.themedemo.co/wedding/img/posts/post-1.jpg]
[html.themedemo.co/wedding/img/posts/post-3.jpg]
[html.themedemo.co/wedding/js/jquery-2.2.3.min.js]
[html.themedemo.co/wedding/js/modernizr.custom.js]
[html.themedemo.co/wedding/js/jquery.dlmenu.js]
[html.themedemo.co/wedding/js/isotope.pkgd.min.js]
[html.themedemo.co/wedding/js/jquery.knob.js]
[html.themedemo.co/wedding/js/jquery.matchHeight-min.js]
[html.themedemo.co/wedding/js/idangerous.swiper.min.js]
[html.themedemo.co/wedding/index.html]
[html.themedemo.co/wedding/js/jquery.magnific-popup.min.js]
[html.themedemo.co/wedding/fonts/glyphicons-halflings-regular.45d41d.delayed]
[html.themedemo.co/wedding/fonts/glyphicons-halflings-regular.woff2]
[html.themedemo.co/wedding/fonts/glyphicons-halflings-regular.woff]
[html.themedemo.co/wedding/fonts/glyphicons-halflings-regular.ttf]
[html.themedemo.co/wedding/fonts/glyphicons-halflings-regular.svg]
[html.themedemo.co/wedding/css/bootstrap.min.css]
[html.themedemo.co/wedding/css/jquery.classycountdown.min.css]
[html.themedemo.co/wedding/css/magnific-popup.css]
[html.themedemo.co/wedding/css/hover-min.css]
[html.themedemo.co/wedding/css/font-awesome.min.css]
[html.themedemo.co/wedding/img/decorations/title-separator.png]
[html.themedemo.co/wedding/img/decorations/heart-separator.png]
[html.themedemo.co/wedding/img/decorations/pattern.png]
[html.themedemo.co/wedding/img/decorations/title-separator-white.png]
[html.themedemo.co/wedding/img/decorations/timeline-triangle.png]
[html.themedemo.co/wedding/img/decorations/decoration-flowers.png]
[html.themedemo.co/wedding/img/decorations/slider-decoration-left.png]
[html.themedemo.co/wedding/img/decorations/slider-decoration-right.png]
[html.themedemo.co/wedding/img/decorations/slider-arrows.png]
[html.themedemo.co/wedding/img/decorations/quotes-icon-left.png]
[html.themedemo.co/wedding/img/decorations/quotes-icon-right.png]
[html.themedemo.co/wedding/img/decorations/blockquote.png]
[html.themedemo.co/wedding/css/style.css]
[html.themedemo.co/wedding/index-2.html]
[html.themedemo.co/wedding/img/bg/header.jpg]
[html.themedemo.co/wedding/img/bg/about-he.jpg]
[html.themedemo.co/wedding/img/about-he-bio.jpg]
[html.themedemo.co/wedding/img/decorations/icon-1.png]
[html.themedemo.co/wedding/img/decorations/icon-3.png]
[html.themedemo.co/wedding/img/decorations/icon-2.png]
[html.themedemo.co/wedding/img/decorations/icon-4.png]
[html.themedemo.co/wedding/img/decorations/icon-5.png]
[html.themedemo.co/wedding/img/bg/our-mary.jpg]
[html.themedemo.co/wedding/about-he.html]
[html.themedemo.co/wedding/img/bg/about-her.jpg]
[html.themedemo.co/wedding/img/about-her-bio.jpg]
[html.themedemo.co/wedding/img/bg/our-mary-she.jpg]
[html.themedemo.co/wedding/about-she.html]
[html.themedemo.co/wedding/img/bg/the-story.jpg]
[html.themedemo.co/wedding/img/about-story.jpg]
[html.themedemo.co/wedding/the-story.html]
[html.themedemo.co/wedding/img/bg/location.jpg]
[html.themedemo.co/wedding/img/bg/rsvp-2.jpg]
[html.themedemo.co/cdn-cgi/scripts/5c5dd728/cloudflare-static/email-decode.min.js]
[html.themedemo.co/wedding/location.html]
[html.themedemo.co/wedding/img/bg/accommodation.jpg]
[html.themedemo.co/wedding/img/rooms-1.jpg]
[html.themedemo.co/wedding/img/rooms-2.jpg]
[html.themedemo.co/wedding/accommodation.html]
[html.themedemo.co/wedding/img/bg/our-blog.jpg]
[html.themedemo.co/wedding/img/post-prew-1.jpg]
[html.themedemo.co/wedding/blog-details.html]
[html.themedemo.co/wedding/img/post-prew-4.jpg]
[html.themedemo.co/wedding/img/post-prew-3.jpg]
[html.themedemo.co/wedding/img/post-prew-5.jpg]
[html.themedemo.co/wedding/img/post-prew-6.jpg]
[html.themedemo.co/wedding/img/post-prew-2.jpg]
[html.themedemo.co/wedding/img/sidebar-post-prew-1.jpg]
[html.themedemo.co/wedding/img/sidebar-post-prew-2.jpg]
[html.themedemo.co/wedding/img/sidebar-post-prew-3.jpg]
[html.themedemo.co/wedding/our-blog.html]
[html.themedemo.co/wedding/img/bg/our-gallery.jpg]
[html.themedemo.co/wedding/img/slide-1.jpg]
[html.themedemo.co/wedding/img/slide-2.jpg]
[html.themedemo.co/wedding/img/slide-3.jpg]
[html.themedemo.co/wedding/our-gallery.html]
[html.themedemo.co/wedding/img/bg/gallery.jpg]
[html.themedemo.co/wedding/img/gallery-page/gallery-page-15.jpg]
[html.themedemo.co/wedding/img/gallery-page/gallery-page-14.jpg]
[html.themedemo.co/wedding/img/gallery-page/gallery-page-13.jpg]
[html.themedemo.co/wedding/img/gallery-page/gallery-page-12.jpg]
[html.themedemo.co/wedding/img/gallery-page/gallery-page-11.jpg]
[html.themedemo.co/wedding/img/gallery-page/gallery-page-10.jpg]
[html.themedemo.co/wedding/img/gallery-page/gallery-page-9.jpg]
[html.themedemo.co/wedding/img/gallery-page/gallery-page-8.jpg]
[html.themedemo.co/wedding/img/gallery-page/gallery-page-7.jpg]
[html.themedemo.co/wedding/gallery-3.html]
[html.themedemo.co/wedding/img/gallery-page/gallery-page-6.jpg]
[html.themedemo.co/wedding/img/gallery-page/gallery-page-5.jpg]
[html.themedemo.co/wedding/img/gallery-page/gallery-page-4.jpg]
[html.themedemo.co/wedding/gallery-4.html]
[html.themedemo.co/wedding/img/gallery-page/gallery-page-3.jpg]
[html.themedemo.co/wedding/img/gallery-page/gallery-page-2.jpg]
[html.themedemo.co/wedding/img/gallery-page/gallery-page-1.jpg]
[html.themedemo.co/wedding/gallery-5.html]
[html.themedemo.co/wedding/img/bg/gift.jpg]
[html.themedemo.co/wedding/gift.html]
[html.themedemo.co/wedding/img/bg/rsvp-circle.jpg]
[html.themedemo.co/wedding/img/decorations/form-decoration-gold.png]
[html.themedemo.co/wedding/rsvp.html]
[html.themedemo.co/wedding/img/decorations/video-decoration.png]
[html.themedemo.co/wedding/img/gallery/img-5.jpg]
[html.themedemo.co/wedding/img/gallery/img-7.jpg]
[html.themedemo.co/wedding/img/gallery/img-8.jpg]
[html.themedemo.co/wedding/img/place-2.jpg]
[html.themedemo.co/wedding/img/friends/male-3.png]
[html.themedemo.co/wedding/img/friends/female-2.png]
[html.themedemo.co/wedding/js/jquery-2.2.3.min.js]
[html.themedemo.co/wedding/js/jquery.classycountdown.min.js]
[html.themedemo.co/wedding/img/posts/post-2.jpg]
[html.themedemo.co/wedding/img/bg/footer.jpg]
[html.themedemo.co/wedding/js/jquery.throttle.js]
[html.themedemo.co/wedding/js/script.js]
[html.themedemo.co/wedding/fonts/glyphicons-halflings-regular.eot]
[html.themedemo.co/wedding/fonts/glyphicons-halflings-regulard41d.html]
[html.themedemo.co/wedding/fonts/glyphicons-halflings-regular.html]
[html.themedemo.co/wedding/fonts/glyphicons-halflings-regular-2.html]
[html.themedemo.co/wedding/fonts/glyphicons-halflings-regular-3.html]
[html.themedemo.co/wedding/fonts/glyphicons-halflings-regular-4.html]
[html.themedemo.co/wedding/fonts/fontawesome-webfont5b62.woff2]
[html.themedemo.co/wedding/css/font-awesome.min.css]
[html.themedemo.co/wedding/img/decorations/tree.png]
[html.themedemo.co/wedding/fonts/fontawesome-webfont5b62.eot]
[html.themedemo.co/wedding/img/post-img.jpg]
[html.themedemo.co/wedding/img/person-1.jpg]
[html.themedemo.co/wedding/img/person-2.jpg]
[html.themedemo.co/wedding/img/person-3.jpg]
[html.themedemo.co/wedding/img/person-4.jpg]
[html.themedemo.co/wedding/blog-details.html]
[html.themedemo.co/wedding/img/gallery/img-3.jpg]
[html.themedemo.co/wedding/img/friends/male-2.png]
[html.themedemo.co/wedding/img/friends/female-1.png]
[html.themedemo.co/wedding/fonts/fontawesome-webfont5b62.ttf]
[html.themedemo.co/wedding/js/jquery.classycountdown.min.js]
[html.themedemo.co/wedding/fonts/glyphicons-halflings-regular.eot]
[html.themedemo.co/wedding/fonts/fontawesome-webfont5b62.woff]
[html.themedemo.co/wedding/fonts/fontawesome-webfont5b62.svg]
[html.themedemo.co/wedding/img/bg/schedule.jpg]
[html.themedemo.co/wedding/fonts/fontawesome-webfontd41d.eot]
[html.themedemo.co/wedding/fonts/fontawesome-webfont5b62.svg]
